[debug] [2026-01-08T17:33:05.904Z] ----------------------------------------------------------------------
[debug] [2026-01-08T17:33:05.906Z] Command:       /Users/jnash/.nvm/versions/node/v20.19.5/bin/node /Users/jnash/.npm/_npx/7750544ccf494d8b/node_modules/.bin/firebase init hosting
[debug] [2026-01-08T17:33:05.907Z] CLI Version:   15.2.0
[debug] [2026-01-08T17:33:05.907Z] Platform:      darwin
[debug] [2026-01-08T17:33:05.907Z] Node Version:  v20.19.5
[debug] [2026-01-08T17:33:05.907Z] Time:          Thu Jan 08 2026 09:33:05 GMT-0800 (Pacific Standard Time)
[debug] [2026-01-08T17:33:05.907Z] ----------------------------------------------------------------------
[debug] 
[info] 
     ######## #### ########  ######## ########     ###     ######  ########
     ##        ##  ##     ## ##       ##     ##  ##   ##  ##       ##
     ######    ##  ########  ######   ########  #########  ######  ######
     ##        ##  ##    ##  ##       ##     ## ##     ##       ## ##
     ##       #### ##     ## ######## ########  ##     ##  ######  ########

You're about to initialize a Firebase project in this directory:

  /Users/jnash/Source/core-score

[info] 
=== Project Setup
[info] 
[info] First, let's associate this project directory with a Firebase project.
[info] You can create multiple project aliases by running firebase use --add, 
[info] 
[debug] [2026-01-08T17:33:10.335Z] > command requires scopes: ["email","openid","https://www.googleapis.com/auth/cloudplatformprojects.readonly","https://www.googleapis.com/auth/firebase","https://www.googleapis.com/auth/cloud-platform"]
[debug] [2026-01-08T17:33:10.336Z] > authorizing via signed-in user (jacobloydnash@gmail.com)
[debug] [2026-01-08T17:33:10.336Z] Checked if tokens are valid: true, expires at: 1767897164151
[debug] [2026-01-08T17:33:10.337Z] Checked if tokens are valid: true, expires at: 1767897164151
[debug] [2026-01-08T17:33:10.338Z] >>> [apiv2][query] GET https://firebase.googleapis.com/v1beta1/projects pageSize=100
[debug] [2026-01-08T17:33:10.817Z] <<< [apiv2][status] GET https://firebase.googleapis.com/v1beta1/projects 200
[debug] [2026-01-08T17:33:10.817Z] <<< [apiv2][body] GET https://firebase.googleapis.com/v1beta1/projects [omitted]
[info] 
=== Hosting Setup
[debug] [2026-01-08T17:33:12.322Z] Checked if tokens are valid: true, expires at: 1767897164151
[debug] [2026-01-08T17:33:12.322Z] Checked if tokens are valid: true, expires at: 1767897164151
[debug] [2026-01-08T17:33:12.322Z] >>> [apiv2][query] GET https://firebase.googleapis.com/v1beta1/projects/core-four-score [none]
[debug] [2026-01-08T17:33:12.517Z] <<< [apiv2][status] GET https://firebase.googleapis.com/v1beta1/projects/core-four-score 200
[debug] [2026-01-08T17:33:12.517Z] <<< [apiv2][body] GET https://firebase.googleapis.com/v1beta1/projects/core-four-score {"projectId":"core-four-score","projectNumber":"605611128312","displayName":"core-four-score","name":"projects/core-four-score","resources":{"hostingSite":"core-four-score"},"state":"ACTIVE","etag":"1_29f6f7e6-2a55-4463-954d-d4172d9dbe53"}
[info] 
[info] Your public directory is the folder (relative to your project directory) that
[info] will contain Hosting assets to be uploaded with firebase deploy. If you
[info] have a build process for your assets, use your build's output directory.
[info] 
[debug] [2026-01-08T17:33:40.325Z] ExitPromptError: User force closed the prompt with SIGINT
    at Interface.sigint (file:///Users/jnash/.npm/_npx/7750544ccf494d8b/node_modules/@inquirer/core/dist/lib/create-prompt.js:62:37)
    at Interface.emit (node:events:524:28)
    at [_ttyWrite] [as _ttyWrite] (node:internal/readline/interface:1128:18)
    at ReadStream.onkeypress (node:internal/readline/interface:267:20)
    at ReadStream.emit (node:events:536:35)
    at emitKeys (node:internal/readline/utils:371:14)
    at emitKeys.next (<anonymous>)
    at ReadStream.onData (node:internal/readline/emitKeypressEvents:64:36)
    at ReadStream.emit (node:events:524:28)
    at addChunk (node:internal/streams/readable:561:12)
[error] 
[error] Error: An unexpected error has occurred.
